
> nextn@0.1.0 build
> NODE_ENV=production next build

   ▲ Next.js 15.5.9

   Creating an optimized production build ...
> [PWA] Compile server
> [PWA] Compile server
> [PWA] Compile client (static)
> [PWA] Auto register service worker with: /app/node_modules/next-pwa/register.js
> [PWA] Service worker: /app/public/sw.js
> [PWA]   url: /sw.js
> [PWA]   scope: /
 ✓ Compiled successfully in 13.2s
   Skipping validation of types
   Skipping linting
   Collecting page data ...
   Generating static pages (0/33) ...
   Generating static pages (8/33)
   Generating static pages (16/33)
   Generating static pages (24/33)
 ✓ Generating static pages (33/33)
   Finalizing page optimization ...
   Collecting build traces ...
   Exporting (0/2) ...
 ✓ Exporting (2/2)

Route (app)                                 Size  First Load JS
┌ ○ /                                    1.97 kB         110 kB
├ ○ /_not-found                            991 B         103 kB
├ ○ /home                                3.08 kB         115 kB
├ ○ /home/about                            515 B         102 kB
├ ○ /home/appointments/blood              1.3 kB         107 kB
├ ○ /home/appointments/blood/translate   1.87 kB         107 kB
├ ○ /home/appointments/gp                1.42 kB         107 kB
├ ○ /home/appointments/gp/translate      1.87 kB         107 kB
├ ○ /home/appointments/nurse             1.44 kB         107 kB
├ ○ /home/appointments/nurse/translate   1.88 kB         107 kB
├ ○ /home/pharmacy                       1.41 kB         107 kB
├ ○ /home/pharmacy/translate             1.87 kB         107 kB
├ ○ /home/safety                         2.99 kB         115 kB
├ ○ /home/safety/interpreter             3.17 kB         111 kB
├ ○ /home/safety/translation             1.87 kB         107 kB
├ ○ /home/safety/unhappy                 3.16 kB         111 kB
├ ○ /login                               1.02 kB         103 kB
├ ○ /onboarding                            155 B         102 kB
├ ○ /onboarding/dob                        155 B         102 kB
├ ○ /onboarding/done                       155 B         102 kB
├ ○ /onboarding/gp                         155 B         102 kB
├ ○ /onboarding/hello                      155 B         102 kB
├ ○ /onboarding/name                       155 B         102 kB
├ ○ /onboarding/phone                      155 B         102 kB
├ ○ /onboarding/security                   155 B         102 kB
├ ○ /onboarding/splash                     155 B         102 kB
├ ○ /onboarding/terms                      155 B         102 kB
├ ○ /onboarding/theme                      155 B         102 kB
├ ○ /onboarding/translator                 155 B         102 kB
├ ○ /settings                            1.36 kB         107 kB
└ ○ /unlock                               2.4 kB         119 kB
+ First Load JS shared by all             102 kB
  ├ chunks/255-e40677fceda396aa.js       45.5 kB
  ├ chunks/4bd1b696-21f374d1156f834a.js  54.2 kB
  └ other shared chunks (total)          1.87 kB


○  (Static)  prerendered as static content
